
Discarded input sections

 _ZN7_JNIEnv13CallIntMethodEP8_jobjectP10_jmethodIDz
                0x00000000        0x0 release\AdmobAds_platform.os
 _ZN7_JNIEnv9NewObjectEP7_jclassP10_jmethodIDz
                0x00000000        0x0 release\AdmobAds_platform.os
 .text          0x00000000        0x0 release\AdmobAds_platform.os
 .data          0x00000000        0x0 release\AdmobAds_platform.os
 .note.GNU-stack
                0x00000000        0x0 release\AdmobAds_platform.os
 .text          0x00000000        0x0 release\AdmobAds.os
 .data          0x00000000        0x0 release\AdmobAds.os
 .bss           0x00000000        0x0 release\AdmobAds.os
 .note.GNU-stack
                0x00000000        0x0 release\AdmobAds.os
 .text          0x00000000        0x0 release\AdmobAds_register.os
 .data          0x00000000        0x0 release\AdmobAds_register.os
 .bss           0x00000000        0x0 release\AdmobAds_register.os
 .text._Z19AdmobAdsRegisterExtv
                0x00000000        0x0 release\AdmobAds_register.os
 .note.GNU-stack
                0x00000000        0x0 release\AdmobAds_register.os

Memory Configuration

Name             Origin             Length             Attributes
*default*        0x00000000         0xffffffff

Linker script and memory map

LOAD release\AdmobAds_platform.os
LOAD release\AdmobAds.os
LOAD release\AdmobAds_register.os
LOAD C:\marmalade\5.0\s3e\edk\lib\android\libedkcore.a
LOAD C:\marmalade\5.0\s3e\edk\lib\android/libplaceholderplaceholderplaceholderplaceholderplaceholder.so
LOAD C:\android-ndk-r6\platforms\android-9\arch-arm\usr\lib/libc.so
LOAD C:\android-ndk-r6\platforms\android-9\arch-arm\usr\lib/libm.so
LOAD C:\android-ndk-r6\platforms\android-9\arch-arm\usr\lib/liblog.so
LOAD C:\android-ndk-r6\platforms\android-9\arch-arm\usr\lib/libstdc++.so
                0x000000b4                . = (0x0 + SIZEOF_HEADERS)

.note.gnu.build-id
 *(.note.gnu.build-id)

.hash           0x000000b4       0x58
 *(.hash)
 .hash          0x000000b4       0x58 release\AdmobAds_platform.os

.gnu.hash
 *(.gnu.hash)

.dynsym         0x0000010c      0x110
 *(.dynsym)
 .dynsym        0x0000010c      0x110 release\AdmobAds_platform.os

.dynstr         0x0000021c       0xd9
 *(.dynstr)
 .dynstr        0x0000021c       0xd9 release\AdmobAds_platform.os

.gnu.version    0x000002f6        0x0 load address 0x000002f5
 *(.gnu.version)
 .gnu.version   0x00000000        0x0 release\AdmobAds_platform.os

.gnu.version_d  0x000002f8        0x0 load address 0x000002f5
 *(.gnu.version_d)
 .gnu.version_d
                0x00000000        0x0 release\AdmobAds_platform.os

.gnu.version_r  0x000002f8        0x0 load address 0x000002f5
 *(.gnu.version_r)
 .gnu.version_r
                0x00000000        0x0 release\AdmobAds_platform.os

.rel.dyn        0x000002f8       0x28
 *(.rel.init)
 *(.rel.text .rel.text.* .rel.gnu.linkonce.t.*)
 *(.rel.fini)
 *(.rel.rodata .rel.rodata.* .rel.gnu.linkonce.r.*)
 *(.rel.data.rel.ro* .rel.gnu.linkonce.d.rel.ro.*)
 *(.rel.data .rel.data.* .rel.gnu.linkonce.d.*)
 *(.rel.tdata .rel.tdata.* .rel.gnu.linkonce.td.*)
 *(.rel.tbss .rel.tbss.* .rel.gnu.linkonce.tb.*)
 *(.rel.ctors)
 *(.rel.dtors)
 *(.rel.got)
 .rel.got       0x000002f8       0x28 release\AdmobAds_platform.os
 *(.rel.bss .rel.bss.* .rel.gnu.linkonce.b.*)

.rela.dyn
 *(.rela.init)
 *(.rela.text .rela.text.* .rela.gnu.linkonce.t.*)
 *(.rela.fini)
 *(.rela.rodata .rela.rodata.* .rela.gnu.linkonce.r.*)
 *(.rela.data .rela.data.* .rela.gnu.linkonce.d.*)
 *(.rela.tdata .rela.tdata.* .rela.gnu.linkonce.td.*)
 *(.rela.tbss .rela.tbss.* .rela.gnu.linkonce.tb.*)
 *(.rela.ctors)
 *(.rela.dtors)
 *(.rela.got)
 *(.rela.bss .rela.bss.* .rela.gnu.linkonce.b.*)

.rel.plt        0x00000320       0x18
 *(.rel.plt)
 .rel.plt       0x00000320       0x18 release\AdmobAds_platform.os

.rela.plt
 *(.rela.plt)

.init
 *(.init)

.plt            0x00000338       0x38
 *(.plt)
 .plt           0x00000338       0x38 release\AdmobAds_platform.os

.text           0x00000370      0x4f4
 *(.text .stub .text.* .gnu.linkonce.t.*)
 .text._Z26AdmobAdsTerminate_platformv
                0x00000370        0x4 release\AdmobAds_platform.os
                0x00000370                AdmobAdsTerminate_platform()
 .text._ZN7_JNIEnv13CallIntMethodEP8_jobjectP10_jmethodIDz
                0x00000374       0x38 release\AdmobAds_platform.os
                0x00000374                _JNIEnv::CallIntMethod(_jobject*, _jmethodID*, ...)
 .text._ZN7_JNIEnv9NewObjectEP7_jclassP10_jmethodIDz
                0x000003ac       0x38 release\AdmobAds_platform.os
                0x000003ac                _JNIEnv::NewObject(_jclass*, _jmethodID*, ...)
 .text._Z21AdmobAdsInit_platformv
                0x000003e4      0x20c release\AdmobAds_platform.os
                0x000003e4                AdmobAdsInit_platform()
 .text._Z16ShowAds_platformv
                0x000005f0       0x58 release\AdmobAds_platform.os
                0x000005f0                ShowAds_platform()
 .text._Z16HideAds_platformv
                0x00000648       0x58 release\AdmobAds_platform.os
                0x00000648                HideAds_platform()
 .text._ZL27s3eEdkAndroidFindClass_realPKc
                0x000006a0       0x5c release\AdmobAds_platform.os
 .text._Z16InitAds_platformPKc
                0x000006fc       0x7c release\AdmobAds_platform.os
                0x000006fc                InitAds_platform(char const*)
 .text.HideAds  0x00000778       0x10 release\AdmobAds.os
                0x00000778                HideAds
 .text.ShowAds  0x00000788       0x10 release\AdmobAds.os
                0x00000788                ShowAds
 .text.InitAds  0x00000798       0x10 release\AdmobAds.os
                0x00000798                InitAds
 .text._Z17AdmobAdsTerminatev
                0x000007a8       0x10 release\AdmobAds.os
                0x000007a8                AdmobAdsTerminate()
 .text._Z12AdmobAdsInitv
                0x000007b8       0x10 release\AdmobAds.os
                0x000007b8                AdmobAdsInit()
 .text.RegisterExt
                0x000007c8       0x9c release\AdmobAds_register.os
                0x000007c8                RegisterExt
 *(.gnu.warning)
 *(.glue_7t)
 .glue_7t       0x00000000        0x0 linker stubs
 *(.glue_7)
 .glue_7        0x00000000        0x0 linker stubs
 *(.vfp11_veneer)
 .vfp11_veneer  0x00000000        0x0 linker stubs
 *(.v4_bx)
 .v4_bx         0x00000000        0x0 linker stubs

.fini
 *(.fini)
                0x00000864                PROVIDE (__etext, .)
                0x00000864                PROVIDE (_etext, .)
                0x00000864                PROVIDE (etext, .)

.rodata         0x00000864       0x4c
 *(.rodata .rodata.* .gnu.linkonce.r.*)
 .rodata.str1.4
                0x00000864       0x4c release\AdmobAds_platform.os
 .rodata.str1.4
                0x00000000        0xc release\AdmobAds_register.os

.rodata1
 *(.rodata1)

.ARM.extab
 *(.ARM.extab* .gnu.linkonce.armextab.*)
                0x000008b0                __exidx_start = .

.ARM.exidx
 *(.ARM.exidx* .gnu.linkonce.armexidx.*)
                0x000008b0                __exidx_end = .

.eh_frame_hdr
 *(.eh_frame_hdr)

.eh_frame
 *(.eh_frame)

.gcc_except_table
 *(.gcc_except_table .gcc_except_table.*)
                0x000008b0                . = (ALIGN (0x1000) - ((0x1000 - .) & 0xfff))
                0x000018b0                . = (0x1000 DATA_SEGMENT_ALIGN 0x1000)

.eh_frame
 *(.eh_frame)

.gcc_except_table
 *(.gcc_except_table .gcc_except_table.*)

.tdata
 *(.tdata .tdata.* .gnu.linkonce.td.*)

.tbss
 *(.tbss .tbss.* .gnu.linkonce.tb.*)
 *(.tcommon)

.preinit_array
 *(.preinit_array)

.init_array
 *(SORT(.init_array.*))
 *(.init_array)

.fini_array
 *(.fini_array)
 *(SORT(.fini_array.*))

.ctors
 *crtbegin.o(.ctors)
 *crtbegin?.o(.ctors)
 *(EXCLUDE_FILE(*crtend?.o *crtend.o) .ctors)
 *(SORT(.ctors.*))
 *(.ctors)

.dtors
 *crtbegin.o(.dtors)
 *crtbegin?.o(.dtors)
 *(EXCLUDE_FILE(*crtend?.o *crtend.o) .dtors)
 *(SORT(.dtors.*))
 *(.dtors)

.jcr
 *(.jcr)

.data.rel.ro
 *(.data.rel.ro.local* .gnu.linkonce.d.rel.ro.local.*)
 *(.data.rel.ro* .gnu.linkonce.d.rel.ro.*)

.dynamic        0x000018b0       0xa0
 *(.dynamic)
 .dynamic       0x000018b0       0xa0 release\AdmobAds_platform.os
                0x000018b0                _DYNAMIC
                0x00001950                . = (. DATA_SEGMENT_RELRO_END 0x0)

.got            0x00001950       0x2c
 *(.got.plt)
 .got.plt       0x00001950       0x18 release\AdmobAds_platform.os
                0x00001950                _GLOBAL_OFFSET_TABLE_
 *(.got)
 .got           0x00001968       0x14 release\AdmobAds_platform.os

.data           0x0000197c        0x0
                0x0000197c                __data_start = .
 *(.data .data.* .gnu.linkonce.d.*)

.data1
 *(.data1)
                0x0000197c                _edata = .
                0x0000197c                PROVIDE (edata, .)
                0x0000197c                __bss_start = .
                0x0000197c                __bss_start__ = .

.bss            0x0000197c       0x10
 *(.dynbss)
 .dynbss        0x00000000        0x0 release\AdmobAds_platform.os
 *(.bss .bss.* .gnu.linkonce.b.*)
 .bss           0x0000197c       0x10 release\AdmobAds_platform.os
 *(COMMON)
                0x0000198c                . = ALIGN ((. != 0x0)?0x4:0x1)
                0x0000198c                _bss_end__ = .
                0x0000198c                __bss_end__ = .
                0x0000198c                . = ALIGN (0x4)
                0x0000198c                . = ALIGN (0x4)
                0x0000198c                __end__ = .
                0x0000198c                _end = .
                0x0000198c                PROVIDE (end, .)
                0x0000198c                . = DATA_SEGMENT_END (.)

.stab
 *(.stab)

.stabstr
 *(.stabstr)

.stab.excl
 *(.stab.excl)

.stab.exclstr
 *(.stab.exclstr)

.stab.index
 *(.stab.index)

.stab.indexstr
 *(.stab.indexstr)

.comment        0x00000000       0x36
 *(.comment)
 .comment       0x00000000       0x12 release\AdmobAds_platform.os
 .comment       0x00000012       0x12 release\AdmobAds.os
 .comment       0x00000024       0x12 release\AdmobAds_register.os

.debug
 *(.debug)

.line
 *(.line)

.debug_srcinfo
 *(.debug_srcinfo)

.debug_sfnames
 *(.debug_sfnames)

.debug_aranges
 *(.debug_aranges)

.debug_pubnames
 *(.debug_pubnames)

.debug_info
 *(.debug_info .gnu.linkonce.wi.*)

.debug_abbrev
 *(.debug_abbrev)

.debug_line
 *(.debug_line)

.debug_frame
 *(.debug_frame)

.debug_str
 *(.debug_str)

.debug_loc
 *(.debug_loc)

.debug_macinfo
 *(.debug_macinfo)

.debug_weaknames
 *(.debug_weaknames)

.debug_funcnames
 *(.debug_funcnames)

.debug_typenames
 *(.debug_typenames)

.debug_varnames
 *(.debug_varnames)

.debug_pubtypes
 *(.debug_pubtypes)

.debug_ranges
 *(.debug_ranges)

.gnu.attributes
 *(.gnu.attributes)

.note.gnu.arm.ident
 *(.note.gnu.arm.ident)

/DISCARD/
 *(.note.GNU-stack)
 *(.gnu_debuglink)
OUTPUT(C:\users\kiryl.kazachenka\admob-for-marmalade\admobads\lib\android\libAdmobAds.so elf32-littlearm)

.ARM.attributes
                0x00000000       0x28
 .ARM.attributes
                0x00000000       0x28 release\AdmobAds_platform.os
 .ARM.attributes
                0x00000028       0x28 release\AdmobAds.os
 .ARM.attributes
                0x00000050       0x28 release\AdmobAds_register.os
